============================================================
🚀 CRÂNIOS IMOB SERVER (SIMPLES + SIGNNOW)
============================================================
📡 Port: 3002 (Mudado de 3001 para evitar conflito)
🌍 Environment: production
🔗 Health: http://0.0.0.0:3002/health
🏠 Imóveis: http://0.0.0.0:3002/api/imoveis
⭐ Destaque: http://0.0.0.0:3002/api/imoveis/destaque
🔍 Busca: http://0.0.0.0:3002/api/imoveis/search
💬 Chat: http://0.0.0.0:3002/api/chat
📋 DocuMind: http://0.0.0.0:3002/api/documind/criar-contrato
🗄️ Teste DB: http://0.0.0.0:3002/test-db
🤖 7 Agentes Ativos (SignNow desativado temporariamente)
🔒 LGPD e Proteção de Dados
============================================================
🕐 Started at: 2026-02-05T16:05:21.395Z
============================================================
[2026-02-05T16:07:27.293Z] GET /health
[2026-02-05T16:07:27.308Z] GET /health
[2026-02-05T16:08:16.053Z] GET /api/imoveis/destaque?limit=3
[API] GET /api/imoveis/destaque, limit: 3
[API] Imoveis destaque: 3
[2026-02-05T16:08:49.980Z] POST /api/chat
[ChatAPI] Nova mensagem: Ola! Quero um apartamento de 2 quartos em Salvador
[ChatAPI] Cliente: { nome: 'Cliente Teste' }
[ChatAPI] Resposta gerada por: Elena Souza
[2026-02-05T16:09:31.769Z] POST /api/chat
[ChatAPI] Nova mensagem: Quero apartamento 2 quartos em Salvador
[ChatAPI] Cliente: { nome: 'Cliente Busca' }
[ChatAPI] Resposta gerada por: Elena Souza
[2026-02-05T16:10:02.111Z] POST /api/chat
[ChatAPI] Nova mensagem: Quero agendar uma visita
[ChatAPI] Cliente: { nome: 'Cliente Agendamento' }
[ChatAPI] Resposta gerada por: Elena Souza
[2026-02-06T07:49:09.775Z] POST /api/imoveis
[API] POST /api/imoveis, body: {
  id: '53b41b2f-aead-45e4-967a-1d9a3f6cf32f',
  titulo: '',
  tipo: '',
  finalidade: '',
  bairro: '',
  endereco: '',
  preco_venda: null,
  preco_locacao: null,
  area_total: null,
  area_construida: null,
  quartos: 0,
  suites: 0,
  banheiros: 0,
  vagas_garagem: 0,
  caracteristicas: [],
  fotos: [
    'https://images.unsplash.com/photo-1502672260266-1c1ef2d93688?w=800'
  ],
  foto_principal: 'https://images.unsplash.com/photo-1502672260266-1c1ef2d93688?w=800',
  disponivel: false,
  destaque: true,
  cidade: 'Aracaju',
  estado: 'SE',
  proprietario_id: null,
  created_at: null,
  updated_at: null
}
[API] Error creating imovel: {
  code: 'PGRST204',
  details: null,
  hint: null,
  message: "Could not find the 'proprietario_id' column of 'imoveis' in the schema cache"
}
[2026-02-06T10:30:06.362Z] GET /api/imoveis
[API] GET /api/imoveis, params: {}
[API] Imoveis encontrados: 20
[2026-02-06T10:56:44.567Z] GET /api/imoveis
[API] GET /api/imoveis, params: {}
[API] Imoveis encontrados: 20
[2026-02-06T10:57:32.052Z] GET /api/imoveis
[API] GET /api/imoveis, params: {}
[API] Imoveis encontrados: 20
[2026-02-06T11:15:34.049Z] HEAD /
[2026-02-06T11:16:22.073Z] HEAD /
[2026-02-06T11:49:14.583Z] GET /api/buscar-imoveis
[2026-02-06T12:21:28.450Z] GET /api/imoveis
[API] GET /api/imoveis, params: {}
[API] Imoveis encontrados: 20
[2026-02-06T12:22:19.514Z] GET /api/imoveis?limit=5
[API] GET /api/imoveis, params: { limit: '5' }
[API] Imoveis encontrados: 5
[2026-02-06T12:22:29.803Z] GET /api/imoveis?destacados=true
[API] GET /api/imoveis, params: { destacados: 'true' }
[API] Imoveis encontrados: 20
[2026-02-06T12:48:56.121Z] GET /health
[2026-02-06T12:48:56.235Z] GET /favicon.ico
[2026-02-06T12:52:29.203Z] GET /api/imoveis
[API] GET /api/imoveis, params: {}
[API] Imoveis encontrados: 20
